Starting CAP Project Generator...
Using @sap/cds-dk [9.7.1] from /home/user/.node_modules_global/lib/node_modules/@sap/cds-dk
Using @sap/generator-cap-project [2.0.5] from [/extbin/globals/pnpm/5/.pnpm/@sap+generator-cap-project@2.0.5_encoding@0.1.13_mem-fs@2.1.0_yeoman-environment@3.19.3_@types+node@25.5.2_/node_modules/@sap/generator-cap-project]
Using root path [/home/user/projects]

Creating project with connectivity, destination, hana, html5-repo, mta, nodejs, pipeline, portal, postgres, xsuaa

Adding facet: nodejs
Adding facet: mta
Adding facet: xsuaa
Adding facet: hana
Adding facet: postgres
Adding facet: approuter
Adding facet: connectivity
Adding facet: destination
Adding facet: html5-repo
Adding facet: portal
Adding UI5 integration to the pipeline for the detected UI5 apps...
Adding facet: pipeline

Successfully initialized CAP project
Continue with: code Z_BID_MATRIX 
for information on project "Piper" and its pipelines see https://www.project-piper.io/


Installing dependencies...

added 286 packages, and audited 287 packages in 4s

38 packages are looking for funding
  run `npm fund` for details

found 0 vulnerabilities

Finished installing dependencies

Done setting up project Z_BID_MATRIX
Project is ready to use

